// Jest Snapshot v1, https://goo.gl/fbAQLP

exports[`<Reset/> renders and matches snapshot 1`] = `
<div>
  <form
    class="Form-sc-1xszr8q-0 hVEEdl"
    method="POST"
  >
    <h2>
      Reset Your Password
    </h2>
    <fieldset
      aria-busy="false"
    >
      <label
        for="email"
      >
        Email
        <input
          autocomplete="email"
          name="email"
          placeholder="Your Email Address"
          type="email"
          value=""
        />
      </label>
      <label
        for="password"
      >
        Password
        <input
          autocomplete="password"
          name="password"
          placeholder="Password"
          type="password"
          value=""
        />
      </label>
      <button
        type="submit"
      >
        Request
      </button>
    </fieldset>
  </form>
</div>
`;
